== SLURM job context ==
HOSTNAME: lh1400.arc-ts.umich.edu
SLURM_JOB_ID: 27022840
PWD: /scratch/mcity_project_root/mcity_project/aryamanr/Waymo-Challenge-2025

== Loaded modules ==

== Runtime versions ==
/home/aryamanr/miniconda3/envs/waymo/bin/python
Python 3.10.20
Sat Mar 28 00:32:58 2026       
+-----------------------------------------------------------------------------------------+
| NVIDIA-SMI 580.105.08             Driver Version: 580.105.08     CUDA Version: 13.0     |
+-----------------------------------------+------------------------+----------------------+
| GPU  Name                 Persistence-M | Bus-Id          Disp.A | Volatile Uncorr. ECC |
| Fan  Temp   Perf          Pwr:Usage/Cap |           Memory-Usage | GPU-Util  Compute M. |
|                                         |                        |               MIG M. |
|=========================================+========================+======================|
|   0  NVIDIA L40S                    On  |   00000000:B4:00.0 Off |                    0 |
| N/A   25C    P8             33W /  350W |       0MiB /  46068MiB |      0%   E. Process |
|                                         |                        |                  N/A |
+-----------------------------------------+------------------------+----------------------+

+-----------------------------------------------------------------------------------------+
| Processes:                                                                              |
|  GPU   GI   CI              PID   Type   Process name                        GPU Memory |
|        ID   ID                                                               Usage      |
|=========================================================================================|
|  No running processes found                                                             |
+-----------------------------------------------------------------------------------------+
torch 2.5.1+cu121 cuda True
tf 2.21.0

== Running dataloader smoke test ==
WAYMO_NUM_TEMPORAL_FRAMES=1
WAYMO_SMOKE_BATCH_SIZE=2
WAYMO_SMOKE_SHARDS=1
Waymo dataloader smoke test
  repo: /scratch/mcity_project_root/mcity_project/aryamanr/Waymo-Challenge-2025
  (importing TensorFlow / deps — can take 1–2 minutes on cold start)
Accessing GCS bucket: waymo_open_dataset_end_to_end_camera_v_1_0_0
